
> react-kavia@0.1.0 start
> cross-env EDIT_MODE=true webpack serve --config .ve/webpack.config.js --mode development

<i> [webpack-dev-server] Project is running at:
<i> [webpack-dev-server] Loopback: http://localhost:3000/, http://[::1]:3000/
<i> [webpack-dev-server] On Your Network (IPv4): http://172.17.0.2:3000/
<i> [webpack-dev-server] Content not from webpack is served from './public' directory
Injecting EditorRootWrapper import: ../.ve/EditorRootWrapper
asset bundle.js 1.43 MiB [emitted] (name: main)
asset index.html 1.98 KiB [emitted]
runtime modules 27.5 KiB 14 modules
cacheable modules 1.29 MiB
  modules by path ./node_modules/ 1.24 MiB 31 modules
  modules by path ./src/ 38.5 KiB
    modules by path ./src/components/*.js 18.7 KiB 8 modules
    modules by path ./src/*.css 7.5 KiB 4 modules
    modules by path ./src/*.js 8.97 KiB 2 modules
    modules by path ./src/api/*.js 3.41 KiB 2 modules
  modules by path ./.ve/ 15.1 KiB
    modules by path ./.ve/*.js 10.6 KiB 2 modules
    modules by path ./.ve/*.css 2.93 KiB 2 modules
    ./.ve/EditorOverlay.jsx 1.58 KiB [built] [code generated]
webpack 5.99.9 compiled successfully in 1342 ms
assets by status 1.98 KiB [cached] 1 asset
assets by path *.js 1.44 MiB
  asset bundle.js 1.43 MiB [emitted] (name: main)
  asset main.f34601df5d81e5a9267b.hot-update.js 3.95 KiB [emitted] [immutable] [hmr] (name: main)
asset main.f34601df5d81e5a9267b.hot-update.json 28 bytes [emitted] [immutable] [hmr]
Entrypoint main 1.44 MiB = bundle.js 1.43 MiB main.f34601df5d81e5a9267b.hot-update.js 3.95 KiB
cached modules 1.29 MiB [cached] 51 modules
runtime modules 27.5 KiB 14 modules
./src/api/elevenLabsApi.js 2.48 KiB [built] [code generated]
webpack 5.99.9 compiled successfully in 100 ms
assets by status 1.98 KiB [cached] 1 asset
assets by path *.js 1.44 MiB
  asset bundle.js 1.44 MiB [emitted] (name: main)
  asset main.24e85b7004de2aef3747.hot-update.js 3.74 KiB [emitted] [immutable] [hmr] (name: main)
asset main.24e85b7004de2aef3747.hot-update.json 28 bytes [emitted] [immutable] [hmr]
Entrypoint main 1.44 MiB = bundle.js 1.44 MiB main.24e85b7004de2aef3747.hot-update.js 3.74 KiB
cached modules 1.29 MiB [cached] 51 modules
runtime modules 27.5 KiB 14 modules
./src/api/stabilityApi.js 2.26 KiB [built] [code generated]
webpack 5.99.9 compiled successfully in 47 ms
